[debug] [2026-08-18T01:22:20.122Z] ----------------------------------------------------------------------
[debug] [2026-08-18T01:22:20.128Z] Command:       C:\Program Files\nodejs\node.exe C:\Users\chsaa\AppData\Roaming\npm\node_modules\firebase-tools\lib\bin\firebase.js init
[debug] [2026-08-18T01:22:20.129Z] CLI Version:   15.27.0
[debug] [2026-08-18T01:22:20.129Z] Platform:      win32
[debug] [2026-08-18T01:22:20.129Z] Node Version:  v24.18.0
[debug] [2026-08-18T01:22:20.130Z] Detected Agent: unknown
[debug] [2026-08-18T01:22:20.130Z] Time:          Tue Aug 18 2026 06:22:20 GMT+0500 (Pakistan Standard Time)
[debug] [2026-08-18T01:22:20.130Z] ----------------------------------------------------------------------
[debug] 
[info] 
     ######## #### ########  ######## ########     ###     ######  ########
     ##        ##  ##     ## ##       ##     ##  ##   ##  ##       ##
     ######    ##  ########  ######   ########  #########  ######  ######
     ##        ##  ##    ##  ##       ##     ## ##     ##       ## ##
     ##       #### ##     ## ######## ########  ##     ##  ######  ########

You're about to initialize a Firebase project in this directory:

  C:\Users\chsaa\Dev-Journal\devjournal-web

[info] 
=== Project Setup
[info] 
[info] First, let's associate this project directory with a Firebase project.
[info] You can create multiple project aliases by running firebase use --add, 
[info] 
[debug] [2026-08-18T01:23:51.951Z] > command requires scopes: ["email","openid","https://www.googleapis.com/auth/cloudplatformprojects.readonly","https://www.googleapis.com/auth/firebase","https://www.googleapis.com/auth/cloud-platform"]
[debug] [2026-08-18T01:23:51.951Z] > authorizing via signed-in user (saadw7751@gmail.com)
[debug] [2026-08-18T01:23:51.989Z] Checked if tokens are valid: true, expires at: 1787019726321
[debug] [2026-08-18T01:23:51.990Z] Checked if tokens are valid: true, expires at: 1787019726321
[debug] [2026-08-18T01:23:51.993Z] >>> [apiv2][query] GET https://firebase.googleapis.com/v1beta1/projects pageSize=100
[debug] [2026-08-18T01:23:53.031Z] <<< [apiv2][status] GET https://firebase.googleapis.com/v1beta1/projects 200
[debug] [2026-08-18T01:23:53.031Z] <<< [apiv2][body] GET https://firebase.googleapis.com/v1beta1/projects [omitted]
[info] 
=== Hosting Setup
[info] 
[info] 
=== App Hosting Setup
[debug] [2026-08-18T01:24:43.394Z] Checked if tokens are valid: true, expires at: 1787019726321
[debug] [2026-08-18T01:24:43.394Z] Checked if tokens are valid: true, expires at: 1787019726321
[debug] [2026-08-18T01:24:43.394Z] >>> [apiv2][query] GET https://serviceusage.googleapis.com/v1/projects/dev-journals/services/cloudbilling.googleapis.com [none]
[debug] [2026-08-18T01:24:43.395Z] >>> [apiv2][(partial)header] GET https://serviceusage.googleapis.com/v1/projects/dev-journals/services/cloudbilling.googleapis.com  x-goog-user-project=dev-journals
[debug] [2026-08-18T01:24:45.259Z] <<< [apiv2][status] GET https://serviceusage.googleapis.com/v1/projects/dev-journals/services/cloudbilling.googleapis.com 200
[debug] [2026-08-18T01:24:45.259Z] <<< [apiv2][body] GET https://serviceusage.googleapis.com/v1/projects/dev-journals/services/cloudbilling.googleapis.com [omitted]
[debug] [2026-08-18T01:24:45.259Z] Checked if tokens are valid: true, expires at: 1787019726321
[debug] [2026-08-18T01:24:45.260Z] Checked if tokens are valid: true, expires at: 1787019726321
[debug] [2026-08-18T01:24:45.260Z] >>> [apiv2][query] POST https://serviceusage.googleapis.com/v1/projects/dev-journals/services/cloudbilling.googleapis.com:enable [none]
[debug] [2026-08-18T01:24:45.260Z] >>> [apiv2][(partial)header] POST https://serviceusage.googleapis.com/v1/projects/dev-journals/services/cloudbilling.googleapis.com:enable  x-goog-user-project=dev-journals
[debug] [2026-08-18T01:24:47.145Z] <<< [apiv2][status] POST https://serviceusage.googleapis.com/v1/projects/dev-journals/services/cloudbilling.googleapis.com:enable 200
[debug] [2026-08-18T01:24:47.145Z] <<< [apiv2][body] POST https://serviceusage.googleapis.com/v1/projects/dev-journals/services/cloudbilling.googleapis.com:enable [omitted]
